---
source: book/examples/testing/src/snapshots/rstest.rs
expression: value
---
3
