---
source: src/app/prepare.rs
expression: options
---
PrepareOptions {
    env: Some(
        Test,
    ),
    parse_cli: false,
    config_dir: None,
}
