---
source: src/testing/snapshot.rs
expression: "format!(\"uri = {uri}\")"
---
uri = smtp://[Sensitive]
