---
source: src/migration/sea_orm/timestamp/mod.rs
expression: statement
---
None
