---
source: src/service/http/middleware/cors.rs
expression: value
---
[inner]
type = 'any'
