---
source: src/service/http/middleware/default.rs
expression: middleware
---
[]
