---
source: src/worker/job.rs
expression: "super::periodic_hash(name, &schedule, &value)"
---
11189630487790136136
