---
source: src/config/database/mod.rs
expression: database
---
uri = 'https://example.com:1234/'
auto-migrate = true
connect-timeout = 1000
connect-lazy = true
acquire-timeout = 1000
min-connections = 0
max-connections = 1
