---
source: src/app/context/mod.rs
expression: temporary_test_db_name
---
tmp/main/1752709103
