---
source: src/config/tracing/mod.rs
expression: tracing
---
level = 'info'
format = 'json'
service-name = 'foo'
trace-propagation = true
trace-filters = []
