---
source: src/config/tracing.rs
expression: tracing
---
level = 'debug'
trace-propagation = true
