---
source: src/service/worker/sidekiq/app_worker.rs
expression: app_worker
---
max-retries = 5
timeout = false
max-duration = 60
disable-argument-coercion = false
