---
source: src/migration/user/create_and_drop_table.rs
expression: query.to_string(PostgresQueryBuilder)
---
DROP TABLE IF EXISTS "user"
