---
source: src/config/service/http/default_routes.rs
expression: default_routes
---
default-enable = false

[ping]
route = 'a'

[health]
route = 'b'

[api-schema]
route = 'c'

[scalar]
route = 'd'

[redoc]
route = 'e'
