---
source: src/config/email/sendgrid/mod.rs
expression: config
---
Some(
    File {
        source: FileSourceString(
            "[email.sendgrid]\nsandbox = false\n",
        ),
        format: Some(
            Toml,
        ),
        required: true,
    },
)
