---
source: src/config/email/sendgrid/mod.rs
expression: config
---
None
