---
source: src/config/service/worker/pg/mod.rs
expression: worker_pg
---
num-workers = 1

[worker-config]
