---
source: src/util/types.rs
expression: simple_type_name
---
"Foo"
