---
source: src/migration/uuid/mod.rs
expression: statement
---
Statement {
    sql: "DROP EXTENSION IF EXISTS \"uuid-ossp\";",
    values: None,
    db_backend: Postgres,
}
