---
source: src/health/check/default.rs
expression: health_checks
---
[
    'db',
    'sidekiq-enqueue',
    'sidekiq-fetch',
    'smtp',
]
