---
source: src/migration/timestamp/mod.rs
expression: fn_query_strings
---
FnQueryStrings {
    timestamp_column: "updated_at",
    dep_column: None,
    fn_name: "update_timestamp_updated_at",
    fn_call: "update_timestamp_updated_at()",
}
