---
source: src/config/environment.rs
expression: env
---
"test"
