---
source: src/config/environment.rs
expression: env
---
Custom(
    "DEVELOPMENT",
)
