---
source: src/worker/backend/pg/processor/builder.rs
expression: hasher.finish()
---
11189630487790136136
