---
source: src/db/migration/sea_orm/timestamp/mod.rs
expression: statement
---
None
