---
source: src/db/migration/sea_orm/collation/mod.rs
expression: statement
---
None
